======= 38 failed, 86 passed, 11 skipped, 31 errors in 91.18s (0:01:31) =======
